// Jest Snapshot v1, https://goo.gl/fbAQLP

exports[`Gift renderes properly 1`] = `ShallowWrapper {}`;
